Số lượng ảnh (43) khác số lượng prompt (38)
00111-3248325916.png	Không có prompt tương ứng
00112-3248325916.png	Không có prompt tương ứng
00113-3248325916.png	Không có prompt tương ứng
00114-3248325916.png	Không có prompt tương ứng
00115-3248325916.png	Không có prompt tương ứng
